--------------------------------------------------------------------------------------------------------------------------------------------------------
      name:  <unnamed>
       log:  C:\Users\istei\HESSENBOX\2-Projekte (Björn Vollan)\Paper SustUse\Solomon Relational Values\replication_package/scripts/logs/2024.02.28-11.0
> 2.53.log.txt
  log type:  text
 opened on:  28 Feb 2024, 11:02:53

. 
. di "Begin date and time: $S_DATE $S_TIME"
Begin date and time: 28 Feb 2024 11:02:53

. di "Stata version: `c(stata_version)'"
Stata version: 16.1

. di "Updated as of: `c(born_date)'"
Updated as of: 19 Nov 2020

. di "Variant:       `=cond( c(MP),"MP",cond(c(SE),"SE",c(flavor)) )'"
Variant:       MP

. di "Processors:    `c(processors)'"
Processors:    2

. di "OS:            `c(os)' `c(osdtl)'"
OS:            Windows 64-bit

. di "Machine type:  `c(machine_type)'"
Machine type:  PC (64-bit x86-64)

. 
. *   Analyses were run on Windows using Stata version 16
. version 16              // Set Version number for backward compatibility

. 
. * All required Stata packages are available in the /libraries/stata folder
. tokenize `"$S_ADO"', parse(";")

. while `"`1'"' != "" {
  2.   if `"`1'"'!="BASE" cap adopath - `"`1'"'
  3.   macro shift
  4. }

. adopath ++ "$working_ANALYSIS/scripts/libraries/stata"
  [1]              "C:\Users\istei\HESSENBOX\2-Projekte (Björn Vollan)\Paper SustUse\Solomon Relational Values\replication_package/scripts/libraries/sta
> ta"
  [2]  (BASE)      "C:\Program Files\Stata16\ado\base/"

. mata: mata mlib index
.mlib libraries to be searched are now
    lmatabase;lmataado;lmataerm;lmatafc;lmatagsem;lmatalasso;lmatamcmc;lmatameta;lmatami;lmatamixlog;lmatanumlib;lmataopt;lmatapath;lmatapostest;lmataps
> s;lmatasem;lmatasp;lmatasvy;lmatatab;lcolrspace

. sysdir set PERSONAL "$working_ANALYSIS/scripts/libraries/stata"

. 
. * Create directories for output files
. cap mkdir "$working_ANALYSIS/processed"

. cap mkdir "$working_ANALYSIS/results"

. cap mkdir "$working_ANALYSIS/results/intermediate"

. cap mkdir "$working_ANALYSIS/results/tables"

. cap mkdir "$working_ANALYSIS/results/figures"

. * -------------------------------------------------
. 
. * Set general graph style
. set scheme swift_red //select one scheme as reference scheme to work with

. grstyle init 

. {
. *Background color
. grstyle set color white: background plotregion graphregion legend box textbox //
. 
. *Main colors (note: swift_red only defines 8 colors. Multiplying the color, that is "xx yy zz*0.5" reduces/increases intensity and "xx yy zz%50" reduc
> es transparency)
. grstyle set color       "100 143 255" "120 94 240" "220 38 127" "254 97 0" "255 176 0" /// 5 main colors
>                                         "100 143 255*0.4" "120 94 240*0.4" "220 38 127*0.4" "254 97 0*0.4" "255 176 0*0.4" ///
>                                         "100 143 255*1.7" "120 94 240*1.7" "220 38 127*1.7" "254 97 0*1.7" "255 176 0*1.7" ///
>                                         : p# p#line p#lineplot p#bar p#area p#arealine p#pie histogram 
. 
. *Font size
. grstyle set size 10pt: heading //titles
. grstyle set size 8pt: subheading axis_title //axis titles
. grstyle set size 8pt: p#label p#boxlabel body small_body text_option axis_label tick_label minortick_label key_label //all other text
. }

. * -------------------------------------------------
. 
end of do-file

. do "C:\Users\istei\AppData\Local\Temp\STD4c38_000000.tmp"

. 
. 
. ** BANGLADESH
. use "$working_ANALYSIS\processed\dhaka_2022_clean1.dta", replace

. 
. rename t_scenario treat

. 
. gen country=2

. 
. replace id=806+id
(302 real changes made, 2 to missing)

. // Winsorized WTP to reduce outliers
. 
end of do-file

. tab wtü
variable wtü not found
r(111);

. tab wtp

   How much |
    are you |
 willing to |
    donate? |      Freq.     Percent        Cum.
------------+-----------------------------------
          0 |         42       13.91       13.91
         10 |          4        1.32       15.23
         20 |         55       18.21       33.44
         30 |          1        0.33       33.77
         40 |         27        8.94       42.72
         50 |         11        3.64       46.36
         60 |         35       11.59       57.95
         70 |          1        0.33       58.28
         80 |          2        0.66       58.94
        100 |         55       18.21       77.15
        150 |          1        0.33       77.48
        200 |         15        4.97       82.45
        300 |          4        1.32       83.77
        400 |          4        1.32       85.10
        500 |         36       11.92       97.02
        800 |          1        0.33       97.35
       1000 |          8        2.65      100.00
------------+-----------------------------------
      Total |        302      100.00

. do "C:\Users\istei\AppData\Local\Temp\STD4c38_000000.tmp"

. 
. ** BANGLADESH
. use "$working_ANALYSIS\processed\dhaka_2022_clean1.dta", replace

. 
. rename t_scenario treat

. 
. gen country=2

. 
. replace id=806+id
(302 real changes made, 2 to missing)

. // Winsorized WTP to reduce outliers
. gen wtp_wins = wtp

. replace wtp_wins = 800 if wtp > 800
(8 real changes made)

. lab var wtp_wins  "WTP winsorized at 800"

. 
. 
. // Log WTP
. gen ln_wtp = ln(wtp_wins+1)

. lab var ln_wtp "Logarithm of WTP"

. 
. // Binary willingness to pay (No/Yes)
. gen d_wtp = 0

. replace d_wtp = 1 if wtp > 0
(260 real changes made)

. lab var d_wtp "Willingness to pay > 0"

. gen d_wtp100=d_wtp*100

. 
. 
. // Index Relational Values
. rename relational_v1 rv3_1

. rename relational_v2 rv3_2

. rename relational_v3 rv3_3

. rename relational_v4 rv3_4

. 
. alpha rv3*, gen(rel_val)

Test scale = mean(unstandardized items)

Average interitem covariance:     .3144724
Number of items in the scale:            4
Scale reliability coefficient:      0.4305

. lab var rel_val "Index: Higher index indicate higher RV"

. 
. lab var rv3_1 "RV1"

. lab var rv3_2 "RV2"

. lab var rv3_3 "RV3"

. lab var rv3_4 "RV4"

. lab var rel_val "Average index (RV1-5)"

. 
. egen count_rel_val = count(id), by(rel_val)

. egen share_wtp_wins = mean(wtp_wins), by(rel_val)

. 
. egen z_rel_val = std(rel_val)

. 
. *three categories of RV: low, medium-high, maximum
. gen rel_cat = 0

. replace rel_cat = 1 if rel_val >3 & rel_val <5
(185 real changes made)

. replace rel_cat = 2 if rel_val==5
(61 real changes made)

. lab def rally 0 "Index:1-3" 1 "Index: 3.25-4.75" 2 "Index: 5", replace

. lab val rel_cat rally

. 
. 
. // Winsorized governmental budget allocation
. 
. gen allocation_percent_wins = budget_allocation

. replace allocation_percent_wins = 30 if budget_allocation > 30
(5 real changes made)

. lab var allocation_percent_wins "Increase in Budget (winsorized at 30%)"

. 
. egen share_allocation_wins = mean(allocation_percent_wins), by(rel_val)

. egen count_allo = count(id), by(share_allocation_wins)

. 
. rename budget_allocation allocation_percent

. // Ranking: Reasons for conservation most important
. encode v_importance1 , gen(rv6_most) 

. encode v_importance2 , gen(rv6_second)

. encode v_importance3 , gen(rv6_third)

. encode v_importance4 , gen(rv6_least)

. lab def opinion_ranking 1 "Instrumental" 2 "Intrinsinc" 3 "Relational: Culture" 4 "Relational: Stewardship", replace

. lab val rv6_most opinion_ranking

. 
. tab rv6_most, gen(rv6_most)

 Which do you deem most |
             important? |      Freq.     Percent        Cum.
------------------------+-----------------------------------
           Instrumental |        150       49.67       49.67
             Intrinsinc |         52       17.22       66.89
    Relational: Culture |         32       10.60       77.48
Relational: Stewardship |         68       22.52      100.00
------------------------+-----------------------------------
                  Total |        302      100.00

. 
. 
. gen instrumental = 1 if rv6_most==1
(152 missing values generated)

. replace instrumental = 2 if rv6_second==1
(73 real changes made)

. replace instrumental = 3 if rv6_third==1
(55 real changes made)

. replace instrumental = 4 if rv6_least==1
(24 real changes made)

. lab def rel_ranking 1 "Most important" 2 "2nd choice" 3 "3rd choice" 4 "Least important", replace

. lab val instrumental rel_ranking

. lab var instrumental "Instrumental"

. 
. gen intrinsic = 1 if rv6_most==2
(250 missing values generated)

. replace intrinsic = 2 if rv6_second==2
(88 real changes made)

. replace intrinsic = 3 if rv6_third==2
(74 real changes made)

. replace intrinsic = 4 if rv6_least==2
(88 real changes made)

. lab val intrinsic rel_ranking

. lab var intrinsic "Intrinsic"

. 
. gen relational_culture = 1 if rv6_most==3
(270 missing values generated)

. replace relational_culture = 2 if rv6_second==3
(47 real changes made)

. replace relational_culture = 3 if rv6_third==3
(88 real changes made)

. replace relational_culture = 4 if rv6_least==3
(135 real changes made)

. lab val relational_culture rel_ranking

. lab var relational_culture "RV: Culture"

. 
. gen relational_steward = 1 if rv6_most==4
(234 missing values generated)

. replace relational_steward = 2 if rv6_second==4
(94 real changes made)

. replace relational_steward = 3 if rv6_third==4
(85 real changes made)

. replace relational_steward = 4 if rv6_least==4
(55 real changes made)

. lab val relational_steward rel_ranking

. lab var relational_steward "RV: Steward"

.         
. gen avg_relational = (relational_culture +  relational_steward)/2

. lab var avg_relational "Average rank: RV"

. 
. *socioe-economics
. gen single=0

. replace single=1 if marital==1
(15 real changes made)

. 
. * Wealth (PCA)
. 
. pca income income_hh spend_save poor spend_sparetime spend_temptation low_nutri 

Principal components/correlation                 Number of obs    =        300
                                                 Number of comp.  =          7
                                                 Trace            =          7
    Rotation: (unrotated = principal)            Rho              =     1.0000

    --------------------------------------------------------------------------
       Component |   Eigenvalue   Difference         Proportion   Cumulative
    -------------+------------------------------------------------------------
           Comp1 |      2.00104      .863477             0.2859       0.2859
           Comp2 |      1.13757      .181529             0.1625       0.4484
           Comp3 |      .956038     .0777001             0.1366       0.5849
           Comp4 |      .878338     .0849751             0.1255       0.7104
           Comp5 |      .793363      .168655             0.1133       0.8238
           Comp6 |      .624708     .0157655             0.0892       0.9130
           Comp7 |      .608942            .             0.0870       1.0000
    --------------------------------------------------------------------------

Principal components (eigenvectors) 

    --------------------------------------------------------------------------------------------------
        Variable |    Comp1     Comp2     Comp3     Comp4     Comp5     Comp6     Comp7 | Unexplained 
    -------------+----------------------------------------------------------------------+-------------
          income |   0.4725   -0.0135    0.3172    0.3193    0.3093    0.0984   -0.6846 |           0 
       income_hh |   0.4693   -0.1290    0.0364   -0.0577    0.6336   -0.1192    0.5855 |           0 
      spend_save |   0.4165    0.2553    0.3404   -0.4129   -0.3607    0.5635    0.1655 |           0 
            poor |  -0.2732    0.5453    0.0733   -0.5749    0.4582   -0.1448   -0.2474 |           0 
    spend_spar~e |   0.2666    0.2425   -0.8621    0.0291    0.0797    0.3228   -0.1243 |           0 
    spend_temp~n |   0.4007    0.4988   -0.0211    0.1324   -0.3620   -0.6618    0.0600 |           0 
       low_nutri |  -0.2770    0.5594    0.1819    0.6126    0.1598    0.3091    0.2844 |           0 
    --------------------------------------------------------------------------------------------------

. predict wealth_pca
(score assumed)
(6 components skipped)

Scoring coefficients 
    sum of squares(column-loading) = 1

    ------------------------------------------------------------------------------------
        Variable |    Comp1     Comp2     Comp3     Comp4     Comp5     Comp6     Comp7 
    -------------+----------------------------------------------------------------------
          income |   0.4725   -0.0135    0.3172    0.3193    0.3093    0.0984   -0.6846 
       income_hh |   0.4693   -0.1290    0.0364   -0.0577    0.6336   -0.1192    0.5855 
      spend_save |   0.4165    0.2553    0.3404   -0.4129   -0.3607    0.5635    0.1655 
            poor |  -0.2732    0.5453    0.0733   -0.5749    0.4582   -0.1448   -0.2474 
    spend_spar~e |   0.2666    0.2425   -0.8621    0.0291    0.0797    0.3228   -0.1243 
    spend_temp~n |   0.4007    0.4988   -0.0211    0.1324   -0.3620   -0.6618    0.0600 
       low_nutri |  -0.2770    0.5594    0.1819    0.6126    0.1598    0.3091    0.2844 
    ------------------------------------------------------------------------------------

. 
. keep hh_member id country place treat female marital age edu_yr wtp wtp_reason allocation_percent rv3_1 rv3_2 rv3_3 rv3_4 v_importance1 v_importance2 
> v_importance3 v_importance4 poor hh_member income income_hh low_nutri spend_sparetime spend_temptation spend_save wtp_wins ln_wtp d_wtp d_wtp100 wtp_b
> elow60 rel_val count_rel_val z_rel_val share_wtp_wins rel_cat allocation_percent_wins share_allocation_wins count_allo rv6_most rv6_second rv6_third r
> v6_least rv6_most1 rv6_most2 rv6_most3 rv6_most4 instrumental intrinsic relational_culture relational_steward avg_relational single wealth_pca
variable wtp_below60 not found
r(111);

end of do-file

r(111);

. do "C:\Users\istei\AppData\Local\Temp\STD4c38_000000.tmp"

. keep hh_member id country place treat female marital age edu_yr wtp wtp_reason allocation_percent rv3_1 rv3_2 rv3_3 rv3_4 v_importance1 v_importance2 
> v_importance3 v_importance4 poor hh_member income income_hh low_nutri spend_sparetime spend_temptation spend_save wtp_wins ln_wtp d_wtp d_wtp100  rel_
> val count_rel_val z_rel_val share_wtp_wins rel_cat allocation_percent_wins share_allocation_wins count_allo rv6_most rv6_second rv6_third rv6_least rv
> 6_most1 rv6_most2 rv6_most3 rv6_most4 instrumental intrinsic relational_culture relational_steward avg_relational single wealth_pca

. 
. ***Save
. save "$working_ANALYSIS\processed\dhaka22.dta" , replace
file C:\Users\istei\HESSENBOX\2-Projekte (Björn Vollan)\Paper SustUse\Solomon Relational Values\replication_package\processed\dhaka22.dta saved

. 
. 
. 
. 
. *Append both datasets
. use "$working_ANALYSIS\processed\si22.dta" , replace

. 
. append using "$working_ANALYSIS\processed\dhaka22.dta"
(note: variable place was float, now double to accommodate using data's values)
(label rel_ranking already defined)
(label rally already defined)
(label low_nutri1 already defined)
(label marital1 already defined)
(label female1 already defined)
(label yes_no1 already defined)

. 
. lab def countries 1 "Solomon Islands" 2 "Bangladesh", replace

. lab val country countries

. 
. 
. ***Save
. save "$working_ANALYSIS\processed\combined.dta" , replace
file C:\Users\istei\HESSENBOX\2-Projekte (Björn Vollan)\Paper SustUse\Solomon Relational Values\replication_package\processed\combined.dta saved

. 
. 
end of do-file

. do "C:\Users\istei\AppData\Local\Temp\STD4c38_000000.tmp"

. * Authors: Max Burger & Ivo Steimanis
. * Philipps University Marburg
. *--------------------------------------------------
. use "$working_ANALYSIS\processed\combined.dta" , clear

. 
. 
. gen outlier_wtp=0

. replace outlier_wtp= 1 if wtp>200
(64 real changes made)

. 
. gen outlier_budget=0

. replace outlier_budget=1 if allocation_percent>30
(20 real changes made)

. tab outlier_budget outlier_wtp

outlier_bu |      outlier_wtp
      dget |         0          1 |     Total
-----------+----------------------+----------
         0 |     1,024         64 |     1,088 
         1 |        20          0 |        20 
-----------+----------------------+----------
     Total |     1,044         64 |     1,108 

. *-------------------------------------------
. 
end of do-file

. do "C:\Users\istei\AppData\Local\Temp\STD4c38_000000.tmp"

. * Philipps University Marburg
. *--------------------------------------------------
. use "$working_ANALYSIS\processed\combined.dta" , clear

. 
. 
. gen outlier_wtp=0

. replace outlier_wtp= 1 if wtp>200 & country==1
(11 real changes made)

. replace outlier_wtp=1 if wtp>800 & country==2
(8 real changes made)

. 
. gen outlier_budget=0

. replace outlier_budget=1 if allocation_percent>30
(20 real changes made)

. tab outlier_budget outlier_wtp

outlier_bu |      outlier_wtp
      dget |         0          1 |     Total
-----------+----------------------+----------
         0 |     1,069         19 |     1,088 
         1 |        20          0 |        20 
-----------+----------------------+----------
     Total |     1,089         19 |     1,108 

. *-------------------------------------------
. 
end of do-file

. do "C:\Users\istei\AppData\Local\Temp\STD4c38_000000.tmp"

. tab income_hh, gen(inc_cat)

     How high is your |
    household income? |      Freq.     Percent        Cum.
----------------------+-----------------------------------
 Less than 1,000 Taka |         19        6.29        6.29
    1,000 – 3000 Taka |          5        1.66        7.95
   3,000 – 5,000 Taka |         36       11.92       19.87
  5,000 – 10,000 Taka |         95       31.46       51.32
 10,000 – 15,000 Taka |         72       23.84       75.17
 15,000 – 20,000 Taka |         42       13.91       89.07
More than 20,000 Taka |         33       10.93      100.00
----------------------+-----------------------------------
                Total |        302      100.00

. global summary_si atoll_tie female age single edu1 edu2 edu3 hh_member hh_income_average_w wealth_pca   if country==1

. global summary_bd female age single edu_yr hh_member inc_cat1 inc_cat2 inc_cat3 inc_cat4 inc_cat5 inc_cat6 inc_cat7 wealth_pca  if country==2

. 
. 
end of do-file

. do "C:\Users\istei\AppData\Local\Temp\STD4c38_000000.tmp"

. gen wtp_ppp = wtp_ppp/31.36
wtp_ppp not found
r(111);

end of do-file

r(111);

.  do "C:\Users\istei\AppData\Local\Temp\STD4c38_000000.tmp"

. 
. 
. ** BANGLADESH
. use "$working_ANALYSIS\processed\dhaka_2022_clean1.dta", replace

. 
. rename t_scenario treat

. 
. gen country=2

. 
. replace id=806+id
(302 real changes made, 2 to missing)

. // Winsorized WTP to reduce outliers
. gen wtp_wins = wtp

. replace wtp_wins = 800 if wtp > 800
(8 real changes made)

. lab var wtp_wins  "WTP winsorized at 800"

. 
. 
. // Log WTP
. gen ln_wtp = ln(wtp_wins+1)

. lab var ln_wtp "Logarithm of WTP"

. 
. // Binary willingness to pay (No/Yes)
. gen d_wtp = 0

. replace d_wtp = 1 if wtp > 0
(260 real changes made)

. lab var d_wtp "Willingness to pay > 0"

. gen d_wtp100=d_wtp*100

. 
. //PPP adjust wtp_wins:  from World Bank 2022 conversion factor: 31.36
. * PPP conversion factor from World Bank, 2018: 34
. *average inflation Bangladesh: 2009 - 2018 = 9 years = 9*5.6%=50% roughly cumulative inflation rate
. gen wtp_ppp = wtp_ppp/31.36
wtp_ppp not found
r(111);

end of do-file

r(111);

. do "C:\Users\istei\AppData\Local\Temp\STD4c38_000000.tmp"

. gen wtp_ppp = wtp_wins/31.36

. 
. 
end of do-file

. tab wtp_wins

        WTP |
 winsorized |
     at 800 |      Freq.     Percent        Cum.
------------+-----------------------------------
          0 |         42       13.91       13.91
         10 |          4        1.32       15.23
         20 |         55       18.21       33.44
         30 |          1        0.33       33.77
         40 |         27        8.94       42.72
         50 |         11        3.64       46.36
         60 |         35       11.59       57.95
         70 |          1        0.33       58.28
         80 |          2        0.66       58.94
        100 |         55       18.21       77.15
        150 |          1        0.33       77.48
        200 |         15        4.97       82.45
        300 |          4        1.32       83.77
        400 |          4        1.32       85.10
        500 |         36       11.92       97.02
        800 |          9        2.98      100.00
------------+-----------------------------------
      Total |        302      100.00

. tab wtp_ppp

    wtp_ppp |      Freq.     Percent        Cum.
------------+-----------------------------------
          0 |         42       13.91       13.91
   .3188775 |          4        1.32       15.23
   .6377551 |         55       18.21       33.44
   .9566327 |          1        0.33       33.77
    1.27551 |         27        8.94       42.72
   1.594388 |         11        3.64       46.36
   1.913265 |         35       11.59       57.95
   2.232143 |          1        0.33       58.28
    2.55102 |          2        0.66       58.94
   3.188776 |         55       18.21       77.15
   4.783163 |          1        0.33       77.48
   6.377551 |         15        4.97       82.45
   9.566326 |          4        1.32       83.77
    12.7551 |          4        1.32       85.10
   15.94388 |         36       11.92       97.02
    25.5102 |          9        2.98      100.00
------------+-----------------------------------
      Total |        302      100.00

